// Jest Snapshot v1, https://goo.gl/fbAQLP

exports[`<Table /> should match snapshot 1`] = `ShallowWrapper {}`;
